The PDF <_io.BufferedReader name='/data/richard/cohesity-poc/gaia_web_dataset/cultural_heritage_data/files/2415b52ee136f513.pdf'> contains a metadata field indicating that it should not allow text extraction. Ignoring this field and proceeding. Use the check_extractable if you want to raise an error in this case
Could not get FontBBox from font descriptor because None cannot be parsed as 4 floats
Could not get FontBBox from font descriptor because None cannot be parsed as 4 floats
Could not get FontBBox from font descriptor because None cannot be parsed as 4 floats
Could not get FontBBox from font descriptor because None cannot be parsed as 4 floats
Could not get FontBBox from font descriptor because None cannot be parsed as 4 floats
Could not get FontBBox from font descriptor because None cannot be parsed as 4 floats
Could not get FontBBox from font descriptor because None cannot be parsed as 4 floats
Could not get FontBBox from font descriptor because None cannot be parsed as 4 floats
Could not get FontBBox from font descriptor because None cannot be parsed as 4 floats
Could not get FontBBox from font descriptor because None cannot be parsed as 4 floats
Could not get FontBBox from font descriptor because None cannot be parsed as 4 floats
Could not get FontBBox from font descriptor because None cannot be parsed as 4 floats
Could not get FontBBox from font descriptor because None cannot be parsed as 4 floats
Could not get FontBBox from font descriptor because None cannot be parsed as 4 floats
Could not get FontBBox from font descriptor because None cannot be parsed as 4 floats
Could not get FontBBox from font descriptor because None cannot be parsed as 4 floats
Could not get FontBBox from font descriptor because None cannot be parsed as 4 floats
Could not get FontBBox from font descriptor because None cannot be parsed as 4 floats
Could not get FontBBox from font descriptor because None cannot be parsed as 4 floats
Could not get FontBBox from font descriptor because None cannot be parsed as 4 floats
Could not get FontBBox from font descriptor because None cannot be parsed as 4 floats
Could not get FontBBox from font descriptor because None cannot be parsed as 4 floats
Could not get FontBBox from font descriptor because None cannot be parsed as 4 floats
Could not get FontBBox from font descriptor because None cannot be parsed as 4 floats
Could not get FontBBox from font descriptor because None cannot be parsed as 4 floats
Could not get FontBBox from font descriptor because None cannot be parsed as 4 floats
Could not get FontBBox from font descriptor because None cannot be parsed as 4 floats
Could not get FontBBox from font descriptor because None cannot be parsed as 4 floats
Could not get FontBBox from font descriptor because None cannot be parsed as 4 floats
Could not get FontBBox from font descriptor because None cannot be parsed as 4 floats
Could not get FontBBox from font descriptor because None cannot be parsed as 4 floats
Could not get FontBBox from font descriptor because None cannot be parsed as 4 floats
Could not get FontBBox from font descriptor because None cannot be parsed as 4 floats
Could not get FontBBox from font descriptor because None cannot be parsed as 4 floats
Could not get FontBBox from font descriptor because None cannot be parsed as 4 floats
Could not get FontBBox from font descriptor because None cannot be parsed as 4 floats
Could not get FontBBox from font descriptor because None cannot be parsed as 4 floats
Could not get FontBBox from font descriptor because None cannot be parsed as 4 floats
Could not get FontBBox from font descriptor because None cannot be parsed as 4 floats
Could not get FontBBox from font descriptor because None cannot be parsed as 4 floats
Could not get FontBBox from font descriptor because None cannot be parsed as 4 floats
Could not get FontBBox from font descriptor because None cannot be parsed as 4 floats
Could not get FontBBox from font descriptor because None cannot be parsed as 4 floats
Could not get FontBBox from font descriptor because None cannot be parsed as 4 floats
Could not get FontBBox from font descriptor because None cannot be parsed as 4 floats
Could not get FontBBox from font descriptor because None cannot be parsed as 4 floats
Could not get FontBBox from font descriptor because None cannot be parsed as 4 floats
WARNING *** file size (7349027) not 512 + multiple of sector size (512)
WARNING *** OLE2 inconsistency: SSCS size is 0 but SSAT size is non-zero
est_korean   total   ko   en  unk  source
      6367    6702   19    1    0  nhis_stats
      5513    6126   18    2    0  bok_publications
      4129    4129    2    0   18  data_go_kr
      3902    4966   11    3    6  gov_policy_reports
      2975    3306   18    2    0  kostat_eng
      2898    2898   20    0    0  korea_briefing
      2428    2428   20    0    0  unikorea_unification
      2107    2107   20    0    0  kowiki_knowledge
       965     965   20    0    0  kdischool_eng
       854     854   20    0    0  knto_tourism
       756     756   20    0    0  law_lbook
       242     270   17    2    1  mois_data
       220     330   12    6    2  kistep_reports
       172     172   20    0    0  mcst_culture
       148     148   19    0    1  law_reports
       141     150   16    1    3  customs_excel
       119     128   13    1    6  local_gov_data
       108     166   13    7    0  krihs_reports
        98      98   20    0    0  mof_docs
        73      77   18    1    1  mss_eng
        69      96   13    5    2  web_pptx_kr
        64      64   16    0    4  koti_seminar
        55      58   19    1    0  nts_hwp
        55      58   16    1    3  mfds_hwp
        54      57   18    1    1  nia_reports
        53      62   17    3    0  moe_publications
        53      53   20    0    0  nts_stats
        45      47   19    1    0  kostat_edu
        43      45   18    1    1  cultural_heritage_data
        42      47   17    2    1  national_assembly_reports
        25      25    5    0   15  nia_seminar
        21      85    4   12    4  riss_theses
        20      20   18    0    2  library_catalog
        13      13   12    0    1  keei_seminar
        11      11    7    0    4  hira_opendata
         9      15    8    6    1  investkorea_eng
         7       9    7    2    0  kosis_statistics
         4       5    3    1    1  data_go_kr_json
         0    1330    0    9   11  english_reference
         0      43    0   20    0  web_pptx_en
         0       1    0    1    0  moef_eng
         ?     136    0    0   20  motie_industry
         ?       1    0    0    1  kisti_reports
         ?       1    0    0    1  bok_eng
